============================================================
CampX Attendance Tracker Triggered: 2026-09-10 19:14:40.587613
============================================================
[*] Logging in to SVCE CampX for 25BFA32091...
[+] Login successful! Session token obtained.
[+] Overall Attendance: 72.48% (187/258)
[+] Status: ⚖️ No change (0.00%)
[*] Sending daily attendance email to tharakteja2008@gmail.com...
[+] Daily attendance email sent successfully!
[+] History saved successfully for tomorrow's delta calculation.
============================================================
============================================================
CampX Attendance Tracker Triggered: 2026-09-12 10:42:38.481224
============================================================
[*] Logging in to SVCE CampX for 25BFA32091...
[+] Login successful! Session token obtained.
[+] Overall Attendance: 70.83% (187/264)
[+] Status: 🔻 Decreased by -1.65%
[*] Sending daily attendance email to tharakteja2008@gmail.com...
[+] Daily attendance email sent successfully!
[+] History saved successfully for tomorrow's delta calculation.
============================================================
============================================================
CampX Attendance Tracker Triggered: 2026-09-12 10:48:19.503325
============================================================
[*] Logging in to SVCE CampX for 25BFA32091...
[+] Login successful! Session token obtained.
[+] Overall Attendance: 70.83% (187/264)
[+] Status: ⚖️ No change (0.00%)
[*] Sending daily attendance email to tharakteja2008@gmail.com...
[+] Daily attendance email sent successfully!
[+] History saved successfully for tomorrow's delta calculation.
============================================================
============================================================
CampX Attendance Tracker Triggered: 2026-09-19 14:04:40.252995
============================================================
[*] Logging in to SVCE CampX for 25BFA32091...
[+] Login successful! Session token obtained.
[+] Overall Attendance: 67.13% (192/286)
[+] Status: 🔻 Decreased by -3.7%
[*] Sending daily attendance email to tharakteja2008@gmail.com...
[+] Daily attendance email sent successfully!
[+] History saved successfully for tomorrow's delta calculation.
============================================================
============================================================
CampX Attendance Tracker Triggered: 2026-09-19 14:07:56.657696
============================================================
[*] Logging in to SVCE CampX for 25BFA32091...
[+] Login successful! Session token obtained.
[+] Overall Attendance: 67.13% (192/286)
[+] Status: ⚖️ No change (0.00%)
[*] Sending daily attendance email to tharakteja2008@gmail.com...
[+] Daily attendance email sent successfully!
[+] History saved successfully for tomorrow's delta calculation.
============================================================
============================================================
CampX Attendance Tracker Triggered: 2026-09-19 16:31:23.813902
============================================================
[*] Logging in to SVCE CampX for 25BFA32091...
[+] Login successful! Session token obtained.
[+] Overall Attendance: 67.13% (192/286)
[+] Status: ⚖️ No change (0.00%)
[*] Sending daily attendance email to tharakteja2008@gmail.com...
[+] Daily attendance email sent successfully!
[+] History saved successfully for tomorrow's delta calculation.
============================================================
============================================================
CampX Attendance Tracker Triggered: 2026-09-20 11:04:07.129785
============================================================
[*] Logging in to SVCE CampX for 25BFA32091...
Traceback (most recent call last):
  File "C:\Users\thara\AppData\Local\Python\pythoncore-3.14-64\Lib\site-packages\urllib3\connection.py", line 204, in _new_conn
    sock = connection.create_connection(
        (self._dns_host, self.port),
    ...<2 lines>...
        socket_options=self.socket_options,
    )
  File "C:\Users\thara\AppData\Local\Python\pythoncore-3.14-64\Lib\site-packages\urllib3\util\connection.py", line 60, in create_connection
    for res in socket.getaddrinfo(host, port, family, socket.SOCK_STREAM):
               ~~~~~~~~~~~~~~~~~~^^^^^^^^^^^^^^^^^^^^^^^^^^^^^^^^^^^^^^^^
  File "C:\Users\thara\AppData\Local\Python\pythoncore-3.14-64\Lib\socket.py", line 987, in getaddrinfo
    for res in _socket.getaddrinfo(host, port, family, type, proto, flags):
               ~~~~~~~~~~~~~~~~~~~^^^^^^^^^^^^^^^^^^^^^^^^^^^^^^^^^^^^^^^^
socket.gaierror: [Errno 11001] getaddrinfo failed

The above exception was the direct cause of the following exception:

Traceback (most recent call last):
  File "C:\Users\thara\AppData\Local\Python\pythoncore-3.14-64\Lib\site-packages\urllib3\connectionpool.py", line 788, in urlopen
    response = self._make_request(
        conn,
    ...<10 lines>...
        **response_kw,
    )
  File "C:\Users\thara\AppData\Local\Python\pythoncore-3.14-64\Lib\site-packages\urllib3\connectionpool.py", line 488, in _make_request
    raise new_e
  File "C:\Users\thara\AppData\Local\Python\pythoncore-3.14-64\Lib\site-packages\urllib3\connectionpool.py", line 464, in _make_request
    self._validate_conn(conn)
    ~~~~~~~~~~~~~~~~~~~^^^^^^
  File "C:\Users\thara\AppData\Local\Python\pythoncore-3.14-64\Lib\site-packages\urllib3\connectionpool.py", line 1106, in _validate_conn
    conn.connect()
    ~~~~~~~~~~~~^^
  File "C:\Users\thara\AppData\Local\Python\pythoncore-3.14-64\Lib\site-packages\urllib3\connection.py", line 759, in connect
    self.sock = sock = self._new_conn()
                       ~~~~~~~~~~~~~~^^
  File "C:\Users\thara\AppData\Local\Python\pythoncore-3.14-64\Lib\site-packages\urllib3\connection.py", line 211, in _new_conn
    raise NameResolutionError(self.host, self, e) from e
urllib3.exceptions.NameResolutionError: HTTPSConnection(host='api.campx.in', port=443): Failed to resolve 'api.campx.in' ([Errno 11001] getaddrinfo failed)

The above exception was the direct cause of the following exception:

Traceback (most recent call last):
  File "C:\Users\thara\AppData\Local\Python\pythoncore-3.14-64\Lib\site-packages\requests\adapters.py", line 696, in send
    resp = conn.urlopen(
        method=request.method,
    ...<9 lines>...
        chunked=chunked,
    )
  File "C:\Users\thara\AppData\Local\Python\pythoncore-3.14-64\Lib\site-packages\urllib3\connectionpool.py", line 842, in urlopen
    retries = retries.increment(
        method, url, error=new_e, _pool=self, _stacktrace=sys.exc_info()[2]
    )
  File "C:\Users\thara\AppData\Local\Python\pythoncore-3.14-64\Lib\site-packages\urllib3\util\retry.py", line 543, in increment
    raise MaxRetryError(_pool, url, reason) from reason  # type: ignore[arg-type]
    ^^^^^^^^^^^^^^^^^^^^^^^^^^^^^^^^^^^^^^^^^^^^^^^^^^^
urllib3.exceptions.MaxRetryError: HTTPSConnectionPool(host='api.campx.in', port=443): Max retries exceeded with url: /auth-server/auth-v2/login (Caused by NameResolutionError("HTTPSConnection(host='api.campx.in', port=443): Failed to resolve 'api.campx.in' ([Errno 11001] getaddrinfo failed)"))

During handling of the above exception, another exception occurred:

Traceback (most recent call last):
  File "c:\Users\thara\OneDrive\Desktop\MOUNISH\campx_attendance_tracker\campx_tracker.py", line 443, in <module>
    run_tracker()
    ~~~~~~~~~~~^^
  File "c:\Users\thara\OneDrive\Desktop\MOUNISH\campx_attendance_tracker\campx_tracker.py", line 404, in run_tracker
    session, token = login_to_campx()
                     ~~~~~~~~~~~~~~^^
  File "c:\Users\thara\OneDrive\Desktop\MOUNISH\campx_attendance_tracker\campx_tracker.py", line 90, in login_to_campx
    resp = session.post(login_url, headers=headers, json=payload, timeout=15)
  File "C:\Users\thara\AppData\Local\Python\pythoncore-3.14-64\Lib\site-packages\requests\sessions.py", line 712, in post
    return self.request("POST", url, data=data, json=json, **kwargs)
           ~~~~~~~~~~~~^^^^^^^^^^^^^^^^^^^^^^^^^^^^^^^^^^^^^^^^^^^^^
  File "C:\Users\thara\AppData\Local\Python\pythoncore-3.14-64\Lib\site-packages\requests\sessions.py", line 651, in request
    resp = self.send(prep, **send_kwargs)
  File "C:\Users\thara\AppData\Local\Python\pythoncore-3.14-64\Lib\site-packages\requests\sessions.py", line 784, in send
    r = adapter.send(request, **kwargs)
  File "C:\Users\thara\AppData\Local\Python\pythoncore-3.14-64\Lib\site-packages\requests\adapters.py", line 729, in send
    raise ConnectionError(e, request=request)
requests.exceptions.ConnectionError: HTTPSConnectionPool(host='api.campx.in', port=443): Max retries exceeded with url: /auth-server/auth-v2/login (Caused by NameResolutionError("HTTPSConnection(host='api.campx.in', port=443): Failed to resolve 'api.campx.in' ([Errno 11001] getaddrinfo failed)"))
============================================================
CampX Attendance Tracker Triggered: 2026-09-20 11:09:55.678134
============================================================
[*] Logging in to SVCE CampX for 25BFA32091...
[+] Login successful! Session token obtained.
[+] Overall Attendance: 67.13% (192/286)
[+] Status: ⚖️ No change (0.00%)
[*] Sending daily attendance email to tharakteja2008@gmail.com...
[+] Daily attendance email sent successfully!
[+] History saved successfully for tomorrow's delta calculation.
============================================================
============================================================
CampX Attendance Tracker Triggered: 2026-09-20 18:28:46.522167
============================================================
[*] Logging in to SVCE CampX for 25BFA32091...
[+] Login successful! Session token obtained.
[+] Overall Attendance: 67.13% (192/286)
[+] Status: ⚖️ No change (0.00%)
[*] Sending daily attendance email to tharakteja2008@gmail.com...
[+] Daily attendance email sent successfully!
[+] History saved successfully for tomorrow's delta calculation.
============================================================
============================================================
CampX Attendance Tracker Triggered: 2026-09-20 18:30:02.134381
============================================================
[*] Logging in to SVCE CampX for 25BFA32091...
[+] Login successful! Session token obtained.
[+] Overall Attendance: 67.13% (192/286)
[+] Status: ⚖️ No change (0.00%)
[*] Sending daily attendance email to tharakteja2008@gmail.com...
[+] Daily attendance email sent successfully!
[+] History saved successfully for tomorrow's delta calculation.
============================================================
============================================================
CampX Attendance Tracker Triggered: 2026-09-23 18:42:36.010879
============================================================
[*] Logging in to SVCE CampX for 25BFA32091... (attempt 1/3)
[+] Login successful! Session token obtained.
[+] Overall Attendance: 69.48% (214/308)
[+] Status: 📈 Increased by +2.35%
[*] Sending daily attendance email to tharakteja2008@gmail.com...
[+] Daily attendance email sent successfully!
[+] History saved successfully for tomorrow's delta calculation.
============================================================
============================================================
CampX Attendance Tracker Triggered: 2026-09-23 18:46:31.001652
============================================================
[*] Logging in to SVCE CampX for 25BFA32091... (attempt 1/3)
[+] Login successful! Session token obtained.
[+] Overall Attendance: 69.48% (214/308)
[+] Status: ⚖️ No change (0.00%)
[*] Sending daily attendance email to tharakteja2008@gmail.com...
[+] Daily attendance email sent successfully!
[+] History saved successfully for tomorrow's delta calculation.
============================================================
============================================================
CampX Attendance Tracker Triggered: 2026-09-24 09:18:27.609149
============================================================
[*] Logging in to SVCE CampX for 25BFA32091... (attempt 1/3)
[+] Login successful! Session token obtained.
[+] Overall Attendance: 69.48% (214/308)
[+] Status: ⚖️ No change (0.00%)
[*] Sending daily attendance email to tharakteja2008@gmail.com...
[+] Daily attendance email sent successfully!
[+] History saved successfully for tomorrow's delta calculation.
============================================================
============================================================
CampX Attendance Tracker Triggered: 2026-09-24 09:22:18.467222
============================================================
[*] Logging in to SVCE CampX for 25BFA32091... (attempt 1/3)
[+] Login successful! Session token obtained.
[+] Overall Attendance: 69.48% (214/308)
[+] Status: ⚖️ No change (0.00%)
[*] Sending daily attendance email to tharakteja2008@gmail.com...
[+] Daily attendance email sent successfully!
[+] History saved successfully for tomorrow's delta calculation.
============================================================
============================================================
CampX Attendance Tracker Triggered: 2026-09-24 13:47:06.544301
============================================================
[*] Logging in to SVCE CampX for 25BFA32091... (attempt 1/3)
[+] Login successful! Session token obtained.
[+] Overall Attendance: 69.77% (217/311)
[+] Status: 📈 Increased by +0.29%
[*] Sending daily attendance email to tharakteja2008@gmail.com...
[-] Failed to send email: Connection unexpectedly closed: [WinError 10060] A connection attempt failed because the connected party did not properly respond after a period of time, or established connection failed because connected host has failed to respond
[+] History saved successfully for tomorrow's delta calculation.
============================================================
============================================================
CampX Attendance Tracker Triggered: 2026-09-24 18:16:47.427092
============================================================
[*] Logging in to SVCE CampX for 25BFA32091... (attempt 1/3)
[+] Login successful! Session token obtained.
[+] Overall Attendance: 69.97% (219/313)
[+] Status: 📈 Increased by +0.2%
[*] Sending daily attendance email to tharakteja2008@gmail.com...
[+] Daily attendance email sent successfully!
[+] History saved successfully for tomorrow's delta calculation.
============================================================
============================================================
CampX Attendance Tracker Triggered: 2026-09-24 18:46:11.991395
============================================================
[*] Logging in to SVCE CampX for 25BFA32091... (attempt 1/3)
[+] Login successful! Session token obtained.
[+] Overall Attendance: 69.97% (219/313)
[+] Status: ⚖️ No change (0.00%)
[*] Sending daily attendance email to tharakteja2008@gmail.com...
[-] Failed to send email: Connection unexpectedly closed: [WinError 10053] An established connection was aborted by the software in your host machine
[+] History saved successfully for tomorrow's delta calculation.
============================================================
============================================================
CampX Attendance Tracker Triggered: 2026-09-25 19:54:54.682911
============================================================
[*] Logging in to SVCE CampX for 25BFA32091... (attempt 1/3)
[+] Login successful! Session token obtained.
[+] Overall Attendance: 70.25% (222/316)
[+] Status: 📈 Increased by +0.28%
[*] Sending daily attendance email to tharakteja2008@gmail.com...
[+] Daily attendance email sent successfully!
[+] History saved successfully for tomorrow's delta calculation.
============================================================
============================================================
CampX Attendance Tracker Triggered: 2026-09-25 19:58:57.505013
============================================================
[*] Logging in to SVCE CampX for 25BFA32091... (attempt 1/3)
[+] Login successful! Session token obtained.
[+] Overall Attendance: 70.25% (222/316)
[+] Status: ⚖️ No change (0.00%)
[*] Sending daily attendance email to tharakteja2008@gmail.com...
[+] Daily attendance email sent successfully!
[+] History saved successfully for tomorrow's delta calculation.
============================================================
^C============================================================
CampX Attendance Tracker Triggered: 2026-09-27 22:33:10.820179
============================================================
[*] Logging in to SVCE CampX for 25BFA32091... (attempt 1/3)
[+] Login successful! Session token obtained.
[+] Overall Attendance: 71.08% (231/325)
[+] Status: 📈 Increased by +0.83%
[*] Sending daily attendance email to tharakteja2008@gmail.com...
[+] Daily attendance email sent successfully!
[+] History saved successfully for tomorrow's delta calculation.
============================================================
============================================================
CampX Attendance Tracker Triggered: 2026-09-28 10:56:13.244228
============================================================
[*] Logging in to SVCE CampX for 25BFA32091... (attempt 1/3)
[!] Network error on attempt 1/3: ReadTimeout
[*] Retrying in 10 seconds...
[*] Logging in to SVCE CampX for 25BFA32091... (attempt 2/3)
[+] Login successful! Session token obtained.
[-] Error fetching attendance: HTTPSConnectionPool(host='api.campx.in', port=443): Read timed out. (read timeout=15)
[-] No attendance records received. Exiting.
============================================================
CampX Attendance Tracker Triggered: 2026-09-28 13:24:23.603733
============================================================
[*] Logging in to SVCE CampX for 25BFA32091... (attempt 1/3)
[+] Login successful! Session token obtained.
[+] Overall Attendance: 71.08% (231/325)
[+] Status: ⚖️ No change (0.00%)
[*] Sending daily attendance email to tharakteja2008@gmail.com...
[+] Daily attendance email sent successfully!
[+] History saved successfully for tomorrow's delta calculation.
============================================================
============================================================
CampX Attendance Tracker Triggered: 2026-09-28 18:15:09.255211
============================================================
[*] Logging in to SVCE CampX for 25BFA32091... (attempt 1/3)
[!] Network error on attempt 1/3: ConnectionError
[*] Retrying in 10 seconds...
[*] Logging in to SVCE CampX for 25BFA32091... (attempt 2/3)
[!] Network error on attempt 2/3: ConnectionError
[*] Retrying in 30 seconds...
[*] Logging in to SVCE CampX for 25BFA32091... (attempt 3/3)
[!] Network error on attempt 3/3: ConnectionError
[-] All 3 login attempts failed. Last error: HTTPSConnectionPool(host='api.campx.in', port=443): Max retries exceeded with url: /auth-server/auth-v2/login (Caused by NameResolutionError("HTTPSConnection(host='api.campx.in', port=443): Failed to resolve 'api.campx.in' ([Errno 11001] getaddrinfo failed)"))
[-] Login failed. Exiting.
============================================================
CampX Attendance Tracker Triggered: 2026-09-28 18:30:02.250308
============================================================
[*] Logging in to SVCE CampX for 25BFA32091... (attempt 1/3)
[+] Login successful! Session token obtained.
[+] Overall Attendance: 71.69% (238/332)
[+] Status: 📈 Increased by +0.61%
[*] Sending daily attendance email to tharakteja2008@gmail.com...
[+] Daily attendance email sent successfully!
[+] History saved successfully for tomorrow's delta calculation.
============================================================
============================================================
CampX Attendance Tracker Triggered: 2026-09-29 08:01:12.061336
============================================================
[*] Logging in to SVCE CampX for 25BFA32091... (attempt 1/3)
[+] Login successful! Session token obtained.
[+] Overall Attendance: 71.69% (238/332)
[+] Status: ⚖️ No change (0.00%)
[*] Sending daily attendance email to tharakteja2008@gmail.com...
[+] Daily attendance email sent successfully!
[+] History saved successfully for tomorrow's delta calculation.
============================================================
============================================================
CampX Attendance Tracker Triggered: 2026-09-29 18:28:44.465047
============================================================
[*] Logging in to SVCE CampX for 25BFA32091... (attempt 1/3)
[+] Login successful! Session token obtained.
[+] Overall Attendance: 71.77% (239/333)
[+] Status: 📈 Increased by +0.08%
[*] Sending daily attendance email to tharakteja2008@gmail.com...
[+] Daily attendance email sent successfully!
[+] History saved successfully for tomorrow's delta calculation.
============================================================
============================================================
CampX Attendance Tracker Triggered: 2026-09-29 18:30:02.137177
============================================================
[*] Logging in to SVCE CampX for 25BFA32091... (attempt 1/3)
[+] Login successful! Session token obtained.
[+] Overall Attendance: 71.77% (239/333)
[+] Status: ⚖️ No change (0.00%)
[*] Sending daily attendance email to tharakteja2008@gmail.com...
[+] Daily attendance email sent successfully!
[+] History saved successfully for tomorrow's delta calculation.
============================================================
============================================================
CampX Attendance Tracker Triggered: 2026-09-29 18:32:43.323069
============================================================
[*] Logging in to SVCE CampX for 25BFA32091... (attempt 1/3)
[+] Login successful! Session token obtained.
[+] Overall Attendance: 71.77% (239/333)
[+] Status: ⚖️ No change (0.00%)
[*] Sending daily attendance email to tharakteja2008@gmail.com...
[+] Daily attendance email sent successfully!
[+] History saved successfully for tomorrow's delta calculation.
============================================================
============================================================
CampX Attendance Tracker Triggered: 2026-09-30 22:14:49.445285
============================================================
[*] Logging in to SVCE CampX for 25BFA32091... (attempt 1/3)
[+] Login successful! Session token obtained.
[+] Overall Attendance: 72.59% (249/343)
[+] Status: 📈 Increased by +0.82%
[*] Sending daily attendance email to tharakteja2008@gmail.com...
[+] Daily attendance email sent successfully!
[+] History saved successfully for tomorrow's delta calculation.
============================================================
============================================================
CampX Attendance Tracker Triggered: 2026-09-30 22:18:42.263351
============================================================
[*] Logging in to SVCE CampX for 25BFA32091... (attempt 1/3)
[+] Login successful! Session token obtained.
[+] Overall Attendance: 72.59% (249/343)
[+] Status: ⚖️ No change (0.00%)
[*] Sending daily attendance email to tharakteja2008@gmail.com...
[+] Daily attendance email sent successfully!
[+] History saved successfully for tomorrow's delta calculation.
============================================================
